Copyright 1986-2015 Xilinx, Inc. All Rights Reserved.
-------------------------------------------------------------------------------------------------------
| Tool Version : Vivado v.2015.4 (win64) Build 1412921 Wed Nov 18 09:43:45 MST 2015
| Date         : Sun Apr 10 14:30:54 2016
| Host         : DETI-PC0018 running 64-bit Service Pack 1  (build 7601)
| Command      : report_control_sets -verbose -file BD_counter_display_wrapper_control_sets_placed.rpt
| Design       : BD_counter_display_wrapper
| Device       : xc7a100t
-------------------------------------------------------------------------------------------------------

Control Set Information

Table of Contents
-----------------
1. Summary
2. Flip-Flop Distribution
3. Detailed Control Set Information

1. Summary
----------

+-------------------------------------------------------------------+-------+
|                               Status                              | Count |
+-------------------------------------------------------------------+-------+
| Number of unique control sets                                     |     6 |
| Minimum Number of register sites lost to control set restrictions |    13 |
+-------------------------------------------------------------------+-------+


2. Flip-Flop Distribution
-------------------------

+--------------+-----------------------+------------------------+-----------------+--------------+
| Clock Enable | Synchronous Set/Reset | Asynchronous Set/Reset | Total Registers | Total Slices |
+--------------+-----------------------+------------------------+-----------------+--------------+
| No           | No                    | No                     |              44 |           12 |
| No           | No                    | Yes                    |               0 |            0 |
| No           | Yes                   | No                     |              54 |           17 |
| Yes          | No                    | No                     |              21 |            5 |
| Yes          | No                    | Yes                    |               0 |            0 |
| Yes          | Yes                   | No                     |              20 |            9 |
+--------------+-----------------------+------------------------+-----------------+--------------+


3. Detailed Control Set Information
-----------------------------------

+--------------------------------------------------------------+---------------------------------------------------------+------------------+------------------+----------------+
|                         Clock Signal                         |                      Enable Signal                      | Set/Reset Signal | Slice Load Count | Bel Load Count |
+--------------------------------------------------------------+---------------------------------------------------------+------------------+------------------+----------------+
|  clk_IBUF_BUFG                                               | BD_counter_display_i/BinToBCD16_0/U0/index_c[4]_i_1_n_0 |                  |                2 |              5 |
|  clk_IBUF_BUFG                                               | BD_counter_display_i/BinToBCD16_0/U0/int_rg_c_0         |                  |                3 |             16 |
|  clk_IBUF_BUFG                                               | BD_counter_display_i/BinToBCD16_0/U0/BCD4[3]_i_1_n_0    | btnC_IBUF        |                9 |             20 |
|  clk_IBUF_BUFG                                               |                                                         | btnC_IBUF        |                9 |             22 |
|  BD_counter_display_i/MyC_0/clock_div/internal_clock_reg[26] |                                                         | btnC_IBUF        |                8 |             32 |
|  clk_IBUF_BUFG                                               |                                                         |                  |               12 |             44 |
+--------------------------------------------------------------+---------------------------------------------------------+------------------+------------------+----------------+


